------------------------------------------------------------
Timing Analyzer Summary
------------------------------------------------------------

Type  : Slow 1100mV 85C Model Setup 'myClock|clockspeedup_inst|altera_pll_i|general[0].gpll~PLL_OUTPUT_COUNTER|divclk'
Slack : 2.090
TNS   : 0.000

Type  : Slow 1100mV 85C Model Hold 'myClock|clockspeedup_inst|altera_pll_i|general[0].gpll~PLL_OUTPUT_COUNTER|divclk'
Slack : 0.353
TNS   : 0.000

Type  : Slow 1100mV 85C Model Minimum Pulse Width 'myClock|clockspeedup_inst|altera_pll_i|general[0].gpll~FRACTIONAL_PLL|vcoph[0]'
Slack : 1.428
TNS   : 0.000

Type  : Slow 1100mV 85C Model Minimum Pulse Width 'myClock|clockspeedup_inst|altera_pll_i|general[0].gpll~PLL_OUTPUT_COUNTER|divclk'
Slack : 5.774
TNS   : 0.000

Type  : Slow 1100mV 85C Model Minimum Pulse Width 'CLOCK_50'
Slack : 9.949
TNS   : 0.000

Type  : Slow 1100mV 0C Model Setup 'myClock|clockspeedup_inst|altera_pll_i|general[0].gpll~PLL_OUTPUT_COUNTER|divclk'
Slack : 2.230
TNS   : 0.000

Type  : Slow 1100mV 0C Model Hold 'myClock|clockspeedup_inst|altera_pll_i|general[0].gpll~PLL_OUTPUT_COUNTER|divclk'
Slack : 0.327
TNS   : 0.000

Type  : Slow 1100mV 0C Model Minimum Pulse Width 'myClock|clockspeedup_inst|altera_pll_i|general[0].gpll~FRACTIONAL_PLL|vcoph[0]'
Slack : 1.428
TNS   : 0.000

Type  : Slow 1100mV 0C Model Minimum Pulse Width 'myClock|clockspeedup_inst|altera_pll_i|general[0].gpll~PLL_OUTPUT_COUNTER|divclk'
Slack : 5.718
TNS   : 0.000

Type  : Slow 1100mV 0C Model Minimum Pulse Width 'CLOCK_50'
Slack : 9.980
TNS   : 0.000

Type  : Fast 1100mV 85C Model Setup 'myClock|clockspeedup_inst|altera_pll_i|general[0].gpll~PLL_OUTPUT_COUNTER|divclk'
Slack : 4.259
TNS   : 0.000

Type  : Fast 1100mV 85C Model Hold 'myClock|clockspeedup_inst|altera_pll_i|general[0].gpll~PLL_OUTPUT_COUNTER|divclk'
Slack : 0.178
TNS   : 0.000

Type  : Fast 1100mV 85C Model Minimum Pulse Width 'myClock|clockspeedup_inst|altera_pll_i|general[0].gpll~FRACTIONAL_PLL|vcoph[0]'
Slack : 1.428
TNS   : 0.000

Type  : Fast 1100mV 85C Model Minimum Pulse Width 'myClock|clockspeedup_inst|altera_pll_i|general[0].gpll~PLL_OUTPUT_COUNTER|divclk'
Slack : 6.036
TNS   : 0.000

Type  : Fast 1100mV 85C Model Minimum Pulse Width 'CLOCK_50'
Slack : 9.643
TNS   : 0.000

Type  : Fast 1100mV 0C Model Setup 'myClock|clockspeedup_inst|altera_pll_i|general[0].gpll~PLL_OUTPUT_COUNTER|divclk'
Slack : 4.595
TNS   : 0.000

Type  : Fast 1100mV 0C Model Hold 'myClock|clockspeedup_inst|altera_pll_i|general[0].gpll~PLL_OUTPUT_COUNTER|divclk'
Slack : 0.160
TNS   : 0.000

Type  : Fast 1100mV 0C Model Minimum Pulse Width 'myClock|clockspeedup_inst|altera_pll_i|general[0].gpll~FRACTIONAL_PLL|vcoph[0]'
Slack : 1.428
TNS   : 0.000

Type  : Fast 1100mV 0C Model Minimum Pulse Width 'myClock|clockspeedup_inst|altera_pll_i|general[0].gpll~PLL_OUTPUT_COUNTER|divclk'
Slack : 6.036
TNS   : 0.000

Type  : Fast 1100mV 0C Model Minimum Pulse Width 'CLOCK_50'
Slack : 9.632
TNS   : 0.000

------------------------------------------------------------
